------------------------------------------------------------
TimeQuest Timing Analyzer Summary
------------------------------------------------------------

Type  : Slow Model Setup 'clk'
Slack : -5.783
TNS   : -303.687

Type  : Slow Model Setup 'measure'
Slack : -5.643
TNS   : -88.215

Type  : Slow Model Setup 'Fenetre_Mesure:inst|latch_compteur'
Slack : -5.139
TNS   : -79.333

Type  : Slow Model Hold 'clk'
Slack : -6.627
TNS   : -12.158

Type  : Slow Model Hold 'measure'
Slack : 0.445
TNS   : 0.000

Type  : Slow Model Hold 'Fenetre_Mesure:inst|latch_compteur'
Slack : 5.627
TNS   : 0.000

Type  : Slow Model Recovery 'clk'
Slack : 0.047
TNS   : 0.000

Type  : Slow Model Removal 'clk'
Slack : 0.418
TNS   : 0.000

Type  : Slow Model Minimum Pulse Width 'clk'
Slack : -1.631
TNS   : -147.049

Type  : Slow Model Minimum Pulse Width 'measure'
Slack : -1.631
TNS   : -41.957

Type  : Slow Model Minimum Pulse Width 'Fenetre_Mesure:inst|latch_compteur'
Slack : -0.611
TNS   : -19.552

Type  : Fast Model Setup 'clk'
Slack : -1.956
TNS   : -60.444

Type  : Fast Model Setup 'measure'
Slack : -1.642
TNS   : -18.522

Type  : Fast Model Setup 'Fenetre_Mesure:inst|latch_compteur'
Slack : -1.548
TNS   : -23.786

Type  : Fast Model Hold 'clk'
Slack : -3.304
TNS   : -5.528

Type  : Fast Model Hold 'measure'
Slack : 0.215
TNS   : 0.000

Type  : Fast Model Hold 'Fenetre_Mesure:inst|latch_compteur'
Slack : 2.332
TNS   : 0.000

Type  : Fast Model Recovery 'clk'
Slack : 0.463
TNS   : 0.000

Type  : Fast Model Removal 'clk'
Slack : 0.307
TNS   : 0.000

Type  : Fast Model Minimum Pulse Width 'clk'
Slack : -1.380
TNS   : -120.380

Type  : Fast Model Minimum Pulse Width 'measure'
Slack : -1.380
TNS   : -34.380

Type  : Fast Model Minimum Pulse Width 'Fenetre_Mesure:inst|latch_compteur'
Slack : -0.500
TNS   : -16.000

------------------------------------------------------------
